[debug] [2026-08-23T17:57:08.061Z] ----------------------------------------------------------------------
[debug] [2026-08-23T17:57:08.068Z] Command:       C:\Program Files\nodejs\node.exe C:\Users\NirSegas\AppData\Roaming\npm\node_modules\firebase-tools\lib\bin\firebase.js deploy --only hosting
[debug] [2026-08-23T17:57:08.070Z] CLI Version:   15.28.1
[debug] [2026-08-23T17:57:08.071Z] Platform:      win32
[debug] [2026-08-23T17:57:08.071Z] Node Version:  v22.15.0
[debug] [2026-08-23T17:57:08.071Z] Detected Agent: unknown
[debug] [2026-08-23T17:57:08.072Z] Time:          Sun Aug 23 2026 20:57:08 GMT+0300 (Israel Daylight Time)
[debug] [2026-08-23T17:57:08.072Z] ----------------------------------------------------------------------
[debug] 
[debug] [2026-08-23T17:57:14.324Z] > command requires scopes: ["email","openid","https://www.googleapis.com/auth/cloudplatformprojects.readonly","https://www.googleapis.com/auth/firebase","https://www.googleapis.com/auth/cloud-platform"]
[debug] [2026-08-23T17:57:14.325Z] > authorizing via signed-in user (info@gambot.co.il)
[debug] [2026-08-23T17:57:14.325Z] [iam] checking project gambot-a383d for permissions ["firebase.projects.get","firebasehosting.sites.update"]
[debug] [2026-08-23T17:57:14.354Z] Checked if tokens are valid: false, expires at: 1787502507179
[debug] [2026-08-23T17:57:14.355Z] Checked if tokens are valid: false, expires at: 1787502507179
[debug] [2026-08-23T17:57:14.355Z] > refreshing access token with scopes: []
[debug] [2026-08-23T17:57:14.362Z] >>> [apiv2][query] POST https://www.googleapis.com/oauth2/v3/token [none]
[debug] [2026-08-23T17:57:14.362Z] >>> [apiv2][body] POST https://www.googleapis.com/oauth2/v3/token [omitted]
[debug] [2026-08-23T17:57:14.709Z] <<< [apiv2][status] POST https://www.googleapis.com/oauth2/v3/token 200
[debug] [2026-08-23T17:57:14.710Z] <<< [apiv2][body] POST https://www.googleapis.com/oauth2/v3/token [omitted]
[debug] [2026-08-23T17:57:14.738Z] >>> [apiv2][query] POST https://cloudresourcemanager.googleapis.com/v1/projects/gambot-a383d:testIamPermissions [none]
[debug] [2026-08-23T17:57:14.738Z] >>> [apiv2][(partial)header] POST https://cloudresourcemanager.googleapis.com/v1/projects/gambot-a383d:testIamPermissions  x-goog-user-project=gambot-a383d
[debug] [2026-08-23T17:57:14.738Z] >>> [apiv2][body] POST https://cloudresourcemanager.googleapis.com/v1/projects/gambot-a383d:testIamPermissions {"permissions":["firebase.projects.get","firebasehosting.sites.update"]}
[debug] [2026-08-23T17:57:15.027Z] <<< [apiv2][status] POST https://cloudresourcemanager.googleapis.com/v1/projects/gambot-a383d:testIamPermissions 200
[debug] [2026-08-23T17:57:15.027Z] <<< [apiv2][body] POST https://cloudresourcemanager.googleapis.com/v1/projects/gambot-a383d:testIamPermissions {"permissions":["firebase.projects.get","firebasehosting.sites.update"]}
[debug] [2026-08-23T17:57:15.028Z] Checked if tokens are valid: true, expires at: 1787511433710
[debug] [2026-08-23T17:57:15.028Z] Checked if tokens are valid: true, expires at: 1787511433710
[debug] [2026-08-23T17:57:15.028Z] >>> [apiv2][query] GET https://firebase.googleapis.com/v1beta1/projects/gambot-a383d [none]
[debug] [2026-08-23T17:57:15.414Z] <<< [apiv2][status] GET https://firebase.googleapis.com/v1beta1/projects/gambot-a383d 200
[debug] [2026-08-23T17:57:15.414Z] <<< [apiv2][body] GET https://firebase.googleapis.com/v1beta1/projects/gambot-a383d {"projectId":"gambot-a383d","projectNumber":"537485039696","displayName":"Gambot","name":"projects/gambot-a383d","resources":{"hostingSite":"gambot-a383d"},"state":"ACTIVE","labels":{"firebase":"enabled"},"etag":"1_8e5aa48d-19f0-4fd4-a3b9-5a7737815af6"}
[info] 
[info] === Deploying to 'gambot-a383d'...
[info] 
[info] i  deploying hosting 
[debug] [2026-08-23T17:57:15.424Z] Checked if tokens are valid: true, expires at: 1787511433710
[debug] [2026-08-23T17:57:15.424Z] Checked if tokens are valid: true, expires at: 1787511433710
[debug] [2026-08-23T17:57:15.424Z] >>> [apiv2][query] GET https://firebasehosting.googleapis.com/v1beta1/projects/gambot-a383d/sites/gambot-a383d [none]
